2026-06-10 01:34:58,877 - twister - INFO - Using Ninja..
2026-06-10 01:34:59,238 - twister - INFO - Zephyr version: v4.4.0
2026-06-10 01:34:59,246 - twister - DEBUG - Running cmake script /home/ahmed/zephyr-workspace/deps/zephyr/cmake/verify-toolchain.cmake
2026-06-10 01:34:59,246 - twister - DEBUG - Calling cmake: /usr/bin/cmake -DFORMAT=json -P /home/ahmed/zephyr-workspace/deps/zephyr/cmake/verify-toolchain.cmake
2026-06-10 01:34:59,593 - twister - DEBUG - Finished running /home/ahmed/zephyr-workspace/deps/zephyr/cmake/verify-toolchain.cmake
2026-06-10 01:34:59,593 - twister - INFO - Using 'zephyr/gnu' toolchain variant.
2026-06-10 01:35:02,729 - twister - DEBUG - Reading testsuite configuration files under /home/ahmed/zephyr-workspace/zephyr-course/tests/ring_buf...
2026-06-10 01:35:02,731 - twister - DEBUG - Found possible testsuite in /home/ahmed/zephyr-workspace/zephyr-course/tests/ring_buf
2026-06-10 01:35:02,745 - twister - DEBUG - No duplicates found.
2026-06-10 01:35:02,745 - twister - DEBUG -  platform filter: ['native_sim/native']
2026-06-10 01:35:02,745 - twister - DEBUG - platform_pattern: []
2026-06-10 01:35:02,745 - twister - DEBUG -    vendor filter: []
2026-06-10 01:35:02,745 - twister - DEBUG -      arch_filter: None
2026-06-10 01:35:02,745 - twister - DEBUG -       tag_filter: None
2026-06-10 01:35:02,745 - twister - DEBUG -      exclude_tag: None
2026-06-10 01:35:02,745 - twister - DEBUG - Checking platform filter: ['native_sim/native']
2026-06-10 01:35:02,745 - twister - INFO - Building initial testsuite list...
2026-06-10 01:35:02,746 - twister - INFO - Built testsuite list in 0.00 seconds
2026-06-10 01:35:02,747 - twister - INFO - Writing JSON report /home/ahmed/zephyr-workspace/zephyr-course/twister-out/testplan.json
2026-06-10 01:35:02,787 - twister - INFO - JOBS: 4
2026-06-10 01:35:02,788 - twister - INFO - Adding tasks to the queue...
2026-06-10 01:35:02,788 - twister - DEBUG - adding native_sim/native/host/gnu/homework.unit.ring_buf
2026-06-10 01:35:02,790 - twister - INFO - Added initial list of jobs to queue
2026-06-10 01:35:02,805 - twister - DEBUG - Launched 4 jobs
2026-06-10 01:35:02,805 - twister - DEBUG - Running cmake on /home/ahmed/zephyr-workspace/zephyr-course/tests/ring_buf for native_sim/native
2026-06-10 01:35:02,807 - twister - DEBUG - Calling cmake: /usr/bin/cmake -B/home/ahmed/zephyr-workspace/zephyr-course/twister-out/native_sim_native/host_gnu/zephyr-course/tests/ring_buf/homework.unit.ring_buf -DTC_RUNID=e4dc05072a4539eb907edc27e970fd8a -DTC_NAME=homework.unit.ring_buf -DCONFIG_COMPILER_WARNINGS_AS_ERRORS=y -DEXTRA_GEN_EDT_ARGS=--edtlib-Werror -GNinja -DPython3_EXECUTABLE=/home/ahmed/zephyr-workspace/.venv/bin/python3 -DZEPHYR_TOOLCHAIN_VARIANT=host/gnu -S/home/ahmed/zephyr-workspace/zephyr-course/tests/ring_buf -DBOARD=native_sim/native
2026-06-10 01:35:19,950 - twister - DEBUG - Finished running cmake /home/ahmed/zephyr-workspace/zephyr-course/tests/ring_buf for native_sim/native in 17.14 seconds
2026-06-10 01:35:19,953 - twister - DEBUG - build test: native_sim/native/host/gnu/homework.unit.ring_buf
2026-06-10 01:35:19,953 - twister - DEBUG - Building /home/ahmed/zephyr-workspace/zephyr-course/tests/ring_buf for native_sim/native
2026-06-10 01:35:19,955 - twister - DEBUG - Running /usr/bin/cmake --build /home/ahmed/zephyr-workspace/zephyr-course/twister-out/native_sim_native/host_gnu/zephyr-course/tests/ring_buf/homework.unit.ring_buf
2026-06-10 01:35:31,362 - twister - DEBUG - Finished building /home/ahmed/zephyr-workspace/zephyr-course/tests/ring_buf for native_sim/native in 11.41 seconds
2026-06-10 01:35:31,363 - twister - DEBUG - Determine test cases for test instance: native_sim/native/host/gnu/homework.unit.ring_buf
2026-06-10 01:35:31,363 - twister - DEBUG - Determine test cases for test suite: homework.unit.ring_buf
2026-06-10 01:35:31,404 - twister - DEBUG - Test instance native_sim/native/host/gnu/homework.unit.ring_buf already has 8 testcase(s) known: [<TestCase homework.unit.ring_buf.ring_buf_push_pop.single_push_pop with None>, <TestCase homework.unit.ring_buf.ring_buf_init.reinit_clears_state with None>, <TestCase homework.unit.ring_buf.ring_buf_boundaries.peek_does_not_consume with None>, <TestCase homework.unit.ring_buf.ring_buf_push_pop.fifo_order with None>, <TestCase homework.unit.ring_buf.ring_buf_boundaries.pop_null_returns_einval with None>, <TestCase homework.unit.ring_buf.ring_buf_boundaries.is_full_after_fill with None>, <TestCase homework.unit.ring_buf.ring_buf_push_pop.push_full_returns_enospc with None>, <TestCase homework.unit.ring_buf.ring_buf_init.fresh_state with None>]
2026-06-10 01:35:31,404 - twister - DEBUG - Detected 8 Ztest case(s): [homework.unit.ring_buf.ring_buf_boundaries.is_full_after_fill, homework.unit.ring_buf.ring_buf_boundaries.pop_null_returns_einval, homework.unit.ring_buf.ring_buf_boundaries.peek_does_not_consume, homework.unit.ring_buf.ring_buf_push_pop.push_full_returns_enospc, homework.unit.ring_buf.ring_buf_push_pop.fifo_order, homework.unit.ring_buf.ring_buf_push_pop.single_push_pop, homework.unit.ring_buf.ring_buf_init.reinit_clears_state, homework.unit.ring_buf.ring_buf_init.fresh_state] in /home/ahmed/zephyr-workspace/zephyr-course/twister-out/native_sim_native/host_gnu/zephyr-course/tests/ring_buf/homework.unit.ring_buf/zephyr/zephyr.elf
2026-06-10 01:35:31,421 - twister - DEBUG - run test: native_sim/native/host/gnu/homework.unit.ring_buf
2026-06-10 01:35:31,421 - twister - DEBUG - Reset instance status from 'passed' to None before run.
2026-06-10 01:35:31,421 - twister - DEBUG - Spawning process: /home/ahmed/zephyr-workspace/zephyr-course/twister-out/native_sim_native/host_gnu/zephyr-course/tests/ring_buf/homework.unit.ring_buf/zephyr/zephyr.exe
in directory: /home/ahmed/zephyr-workspace/zephyr-course/twister-out/native_sim_native/host_gnu/zephyr-course/tests/ring_buf/homework.unit.ring_buf
2026-06-10 01:35:31,422 - twister - DEBUG - Spawning BinaryHandler Thread for native_sim/native/host/gnu/homework.unit.ring_buf
2026-06-10 01:35:31,443 - twister - DEBUG - OUTPUT: *** Booting Zephyr OS build v4.4.0 ***
2026-06-10 01:35:31,444 - twister - DEBUG - OUTPUT: Running TESTSUITE ring_buf_boundaries
2026-06-10 01:35:31,445 - twister - DEBUG - OUTPUT: ===================================================================
2026-06-10 01:35:31,446 - twister - DEBUG - OUTPUT: START - test_pop_null_returns_einval
2026-06-10 01:35:31,447 - twister - DEBUG - OUTPUT: [00:00:00.000,000] [1;31m<err> ring_buf: value pointer is NULL[0m
2026-06-10 01:35:31,447 - twister - DEBUG - OUTPUT:  PASS - test_pop_null_returns_einval in 0.000 seconds
2026-06-10 01:35:31,448 - twister - DEBUG - OUTPUT: ===================================================================
2026-06-10 01:35:31,448 - twister - DEBUG - OUTPUT: START - test_is_full_after_fill
2026-06-10 01:35:31,449 - twister - DEBUG - OUTPUT:  PASS - test_is_full_after_fill in 0.000 seconds
2026-06-10 01:35:31,450 - twister - DEBUG - OUTPUT: ===================================================================
2026-06-10 01:35:31,450 - twister - DEBUG - OUTPUT: START - test_peek_does_not_consume
2026-06-10 01:35:31,451 - twister - DEBUG - OUTPUT:  PASS - test_peek_does_not_consume in 0.000 seconds
2026-06-10 01:35:31,452 - twister - DEBUG - OUTPUT: ===================================================================
2026-06-10 01:35:31,452 - twister - DEBUG - OUTPUT: START - test_peek_does_not_consume
2026-06-10 01:35:31,453 - twister - DEBUG - OUTPUT:  PASS - test_peek_does_not_consume in 0.000 seconds
2026-06-10 01:35:31,453 - twister - DEBUG - OUTPUT: ===================================================================
2026-06-10 01:35:31,454 - twister - DEBUG - OUTPUT: START - test_is_full_after_fill
2026-06-10 01:35:31,455 - twister - DEBUG - OUTPUT:  PASS - test_is_full_after_fill in 0.000 seconds
2026-06-10 01:35:31,455 - twister - DEBUG - OUTPUT: ===================================================================
2026-06-10 01:35:31,456 - twister - DEBUG - OUTPUT: START - test_pop_null_returns_einval
2026-06-10 01:35:31,457 - twister - DEBUG - OUTPUT: [00:00:00.000,000] [1;31m<err> ring_buf: value pointer is NULL[0m
2026-06-10 01:35:31,457 - twister - DEBUG - OUTPUT:  PASS - test_pop_null_returns_einval in 0.000 seconds
2026-06-10 01:35:31,458 - twister - DEBUG - OUTPUT: ===================================================================
2026-06-10 01:35:31,458 - twister - DEBUG - OUTPUT: START - test_peek_does_not_consume
2026-06-10 01:35:31,459 - twister - DEBUG - OUTPUT:  PASS - test_peek_does_not_consume in 0.000 seconds
2026-06-10 01:35:31,460 - twister - DEBUG - OUTPUT: ===================================================================
2026-06-10 01:35:31,460 - twister - DEBUG - OUTPUT: START - test_pop_null_returns_einval
2026-06-10 01:35:31,461 - twister - DEBUG - OUTPUT: [00:00:00.000,000] [1;31m<err> ring_buf: value pointer is NULL[0m
2026-06-10 01:35:31,462 - twister - DEBUG - OUTPUT:  PASS - test_pop_null_returns_einval in 0.000 seconds
2026-06-10 01:35:31,462 - twister - DEBUG - OUTPUT: ===================================================================
2026-06-10 01:35:31,463 - twister - DEBUG - OUTPUT: START - test_is_full_after_fill
2026-06-10 01:35:31,463 - twister - DEBUG - OUTPUT:  PASS - test_is_full_after_fill in 0.000 seconds
2026-06-10 01:35:31,464 - twister - DEBUG - OUTPUT: ===================================================================
2026-06-10 01:35:31,465 - twister - DEBUG - OUTPUT: TESTSUITE ring_buf_boundaries succeeded
2026-06-10 01:35:31,465 - twister - DEBUG - OUTPUT: Running TESTSUITE ring_buf_boundaries
2026-06-10 01:35:31,466 - twister - DEBUG - OUTPUT: ===================================================================
2026-06-10 01:35:31,466 - twister - DEBUG - OUTPUT: START - test_peek_does_not_consume
2026-06-10 01:35:31,467 - twister - DEBUG - OUTPUT:  PASS - test_peek_does_not_consume in 0.000 seconds
2026-06-10 01:35:31,468 - twister - DEBUG - OUTPUT: ===================================================================
2026-06-10 01:35:31,468 - twister - DEBUG - OUTPUT: START - test_is_full_after_fill
2026-06-10 01:35:31,469 - twister - DEBUG - OUTPUT:  PASS - test_is_full_after_fill in 0.000 seconds
2026-06-10 01:35:31,469 - twister - DEBUG - OUTPUT: ===================================================================
2026-06-10 01:35:31,470 - twister - DEBUG - OUTPUT: START - test_pop_null_returns_einval
2026-06-10 01:35:31,471 - twister - DEBUG - OUTPUT: [00:00:00.000,000] [1;31m<err> ring_buf: value pointer is NULL[0m
2026-06-10 01:35:31,471 - twister - DEBUG - OUTPUT:  PASS - test_pop_null_returns_einval in 0.000 seconds
2026-06-10 01:35:31,472 - twister - DEBUG - OUTPUT: ===================================================================
2026-06-10 01:35:31,472 - twister - DEBUG - OUTPUT: START - test_peek_does_not_consume
2026-06-10 01:35:31,473 - twister - DEBUG - OUTPUT:  PASS - test_peek_does_not_consume in 0.000 seconds
2026-06-10 01:35:31,474 - twister - DEBUG - OUTPUT: ===================================================================
2026-06-10 01:35:31,474 - twister - DEBUG - OUTPUT: START - test_is_full_after_fill
2026-06-10 01:35:31,475 - twister - DEBUG - OUTPUT:  PASS - test_is_full_after_fill in 0.000 seconds
2026-06-10 01:35:31,476 - twister - DEBUG - OUTPUT: ===================================================================
2026-06-10 01:35:31,476 - twister - DEBUG - OUTPUT: START - test_pop_null_returns_einval
2026-06-10 01:35:31,477 - twister - DEBUG - OUTPUT: [00:00:00.000,000] [1;31m<err> ring_buf: value pointer is NULL[0m
2026-06-10 01:35:31,478 - twister - DEBUG - OUTPUT:  PASS - test_pop_null_returns_einval in 0.000 seconds
2026-06-10 01:35:31,479 - twister - DEBUG - OUTPUT: ===================================================================
2026-06-10 01:35:31,479 - twister - DEBUG - OUTPUT: START - test_is_full_after_fill
2026-06-10 01:35:31,480 - twister - DEBUG - OUTPUT:  PASS - test_is_full_after_fill in 0.000 seconds
2026-06-10 01:35:31,481 - twister - DEBUG - OUTPUT: ===================================================================
2026-06-10 01:35:31,481 - twister - DEBUG - OUTPUT: START - test_peek_does_not_consume
2026-06-10 01:35:31,482 - twister - DEBUG - OUTPUT:  PASS - test_peek_does_not_consume in 0.000 seconds
2026-06-10 01:35:31,482 - twister - DEBUG - OUTPUT: ===================================================================
2026-06-10 01:35:31,483 - twister - DEBUG - OUTPUT: START - test_pop_null_returns_einval
2026-06-10 01:35:31,484 - twister - DEBUG - OUTPUT: [00:00:00.000,000] [1;31m<err> ring_buf: value pointer is NULL[0m
2026-06-10 01:35:31,484 - twister - DEBUG - OUTPUT:  PASS - test_pop_null_returns_einval in 0.000 seconds
2026-06-10 01:35:31,485 - twister - DEBUG - OUTPUT: ===================================================================
2026-06-10 01:35:31,485 - twister - DEBUG - OUTPUT: TESTSUITE ring_buf_boundaries succeeded
2026-06-10 01:35:31,486 - twister - DEBUG - OUTPUT: Running TESTSUITE ring_buf_boundaries
2026-06-10 01:35:31,486 - twister - DEBUG - OUTPUT: ===================================================================
2026-06-10 01:35:31,487 - twister - DEBUG - OUTPUT: START - test_is_full_after_fill
2026-06-10 01:35:31,488 - twister - DEBUG - OUTPUT:  PASS - test_is_full_after_fill in 0.000 seconds
2026-06-10 01:35:31,488 - twister - DEBUG - OUTPUT: ===================================================================
2026-06-10 01:35:31,489 - twister - DEBUG - OUTPUT: START - test_peek_does_not_consume
2026-06-10 01:35:31,489 - twister - DEBUG - OUTPUT:  PASS - test_peek_does_not_consume in 0.000 seconds
2026-06-10 01:35:31,490 - twister - DEBUG - OUTPUT: ===================================================================
2026-06-10 01:35:31,490 - twister - DEBUG - OUTPUT: START - test_pop_null_returns_einval
2026-06-10 01:35:31,491 - twister - DEBUG - OUTPUT: [00:00:00.000,000] [1;31m<err> ring_buf: value pointer is NULL[0m
2026-06-10 01:35:31,491 - twister - DEBUG - OUTPUT:  PASS - test_pop_null_returns_einval in 0.000 seconds
2026-06-10 01:35:31,492 - twister - DEBUG - OUTPUT: ===================================================================
2026-06-10 01:35:31,493 - twister - DEBUG - OUTPUT: START - test_peek_does_not_consume
2026-06-10 01:35:31,493 - twister - DEBUG - OUTPUT:  PASS - test_peek_does_not_consume in 0.000 seconds
2026-06-10 01:35:31,494 - twister - DEBUG - OUTPUT: ===================================================================
2026-06-10 01:35:31,495 - twister - DEBUG - OUTPUT: START - test_pop_null_returns_einval
2026-06-10 01:35:31,495 - twister - DEBUG - OUTPUT: [00:00:00.000,000] [1;31m<err> ring_buf: value pointer is NULL[0m
2026-06-10 01:35:31,496 - twister - DEBUG - OUTPUT:  PASS - test_pop_null_returns_einval in 0.000 seconds
2026-06-10 01:35:31,497 - twister - DEBUG - OUTPUT: ===================================================================
2026-06-10 01:35:31,497 - twister - DEBUG - OUTPUT: START - test_is_full_after_fill
2026-06-10 01:35:31,498 - twister - DEBUG - OUTPUT:  PASS - test_is_full_after_fill in 0.000 seconds
2026-06-10 01:35:31,498 - twister - DEBUG - OUTPUT: ===================================================================
2026-06-10 01:35:31,499 - twister - DEBUG - OUTPUT: START - test_peek_does_not_consume
2026-06-10 01:35:31,499 - twister - DEBUG - OUTPUT:  PASS - test_peek_does_not_consume in 0.000 seconds
2026-06-10 01:35:31,500 - twister - DEBUG - OUTPUT: ===================================================================
2026-06-10 01:35:31,501 - twister - DEBUG - OUTPUT: START - test_pop_null_returns_einval
2026-06-10 01:35:31,501 - twister - DEBUG - OUTPUT: [00:00:00.000,000] [1;31m<err> ring_buf: value pointer is NULL[0m
2026-06-10 01:35:31,502 - twister - DEBUG - OUTPUT:  PASS - test_pop_null_returns_einval in 0.000 seconds
2026-06-10 01:35:31,502 - twister - DEBUG - OUTPUT: ===================================================================
2026-06-10 01:35:31,503 - twister - DEBUG - OUTPUT: START - test_is_full_after_fill
2026-06-10 01:35:31,504 - twister - DEBUG - OUTPUT:  PASS - test_is_full_after_fill in 0.000 seconds
2026-06-10 01:35:31,504 - twister - DEBUG - OUTPUT: ===================================================================
2026-06-10 01:35:31,505 - twister - DEBUG - OUTPUT: TESTSUITE ring_buf_boundaries succeeded
2026-06-10 01:35:31,505 - twister - DEBUG - OUTPUT: Running TESTSUITE ring_buf_init
2026-06-10 01:35:31,506 - twister - DEBUG - OUTPUT: ===================================================================
2026-06-10 01:35:31,507 - twister - DEBUG - OUTPUT: START - test_reinit_clears_state
2026-06-10 01:35:31,507 - twister - DEBUG - OUTPUT:  PASS - test_reinit_clears_state in 0.000 seconds
2026-06-10 01:35:31,508 - twister - DEBUG - OUTPUT: ===================================================================
2026-06-10 01:35:31,508 - twister - DEBUG - OUTPUT: START - test_fresh_state
2026-06-10 01:35:31,509 - twister - DEBUG - OUTPUT:  PASS - test_fresh_state in 0.000 seconds
2026-06-10 01:35:31,509 - twister - DEBUG - OUTPUT: ===================================================================
2026-06-10 01:35:31,510 - twister - DEBUG - OUTPUT: START - test_reinit_clears_state
2026-06-10 01:35:31,511 - twister - DEBUG - OUTPUT:  PASS - test_reinit_clears_state in 0.000 seconds
2026-06-10 01:35:31,511 - twister - DEBUG - OUTPUT: ===================================================================
2026-06-10 01:35:31,512 - twister - DEBUG - OUTPUT: START - test_fresh_state
2026-06-10 01:35:31,512 - twister - DEBUG - OUTPUT:  PASS - test_fresh_state in 0.000 seconds
2026-06-10 01:35:31,513 - twister - DEBUG - OUTPUT: ===================================================================
2026-06-10 01:35:31,513 - twister - DEBUG - OUTPUT: START - test_reinit_clears_state
2026-06-10 01:35:31,514 - twister - DEBUG - OUTPUT:  PASS - test_reinit_clears_state in 0.000 seconds
2026-06-10 01:35:31,515 - twister - DEBUG - OUTPUT: ===================================================================
2026-06-10 01:35:31,515 - twister - DEBUG - OUTPUT: START - test_fresh_state
2026-06-10 01:35:31,516 - twister - DEBUG - OUTPUT:  PASS - test_fresh_state in 0.000 seconds
2026-06-10 01:35:31,516 - twister - DEBUG - OUTPUT: ===================================================================
2026-06-10 01:35:31,517 - twister - DEBUG - OUTPUT: TESTSUITE ring_buf_init succeeded
2026-06-10 01:35:31,517 - twister - DEBUG - OUTPUT: Running TESTSUITE ring_buf_init
2026-06-10 01:35:31,518 - twister - DEBUG - OUTPUT: ===================================================================
2026-06-10 01:35:31,519 - twister - DEBUG - OUTPUT: START - test_fresh_state
2026-06-10 01:35:31,519 - twister - DEBUG - OUTPUT:  PASS - test_fresh_state in 0.000 seconds
2026-06-10 01:35:31,520 - twister - DEBUG - OUTPUT: ===================================================================
2026-06-10 01:35:31,520 - twister - DEBUG - OUTPUT: START - test_reinit_clears_state
2026-06-10 01:35:31,521 - twister - DEBUG - OUTPUT:  PASS - test_reinit_clears_state in 0.000 seconds
2026-06-10 01:35:31,521 - twister - DEBUG - OUTPUT: ===================================================================
2026-06-10 01:35:31,522 - twister - DEBUG - OUTPUT: START - test_fresh_state
2026-06-10 01:35:31,523 - twister - DEBUG - OUTPUT:  PASS - test_fresh_state in 0.000 seconds
2026-06-10 01:35:31,523 - twister - DEBUG - OUTPUT: ===================================================================
2026-06-10 01:35:31,524 - twister - DEBUG - OUTPUT: START - test_reinit_clears_state
2026-06-10 01:35:31,524 - twister - DEBUG - OUTPUT:  PASS - test_reinit_clears_state in 0.000 seconds
2026-06-10 01:35:31,525 - twister - DEBUG - OUTPUT: ===================================================================
2026-06-10 01:35:31,526 - twister - DEBUG - OUTPUT: START - test_reinit_clears_state
2026-06-10 01:35:31,526 - twister - DEBUG - OUTPUT:  PASS - test_reinit_clears_state in 0.000 seconds
2026-06-10 01:35:31,527 - twister - DEBUG - OUTPUT: ===================================================================
2026-06-10 01:35:31,527 - twister - DEBUG - OUTPUT: START - test_fresh_state
2026-06-10 01:35:31,528 - twister - DEBUG - OUTPUT:  PASS - test_fresh_state in 0.000 seconds
2026-06-10 01:35:31,528 - twister - DEBUG - OUTPUT: ===================================================================
2026-06-10 01:35:31,529 - twister - DEBUG - OUTPUT: TESTSUITE ring_buf_init succeeded
2026-06-10 01:35:31,530 - twister - DEBUG - OUTPUT: Running TESTSUITE ring_buf_init
2026-06-10 01:35:31,530 - twister - DEBUG - OUTPUT: ===================================================================
2026-06-10 01:35:31,531 - twister - DEBUG - OUTPUT: START - test_fresh_state
2026-06-10 01:35:31,532 - twister - DEBUG - OUTPUT:  PASS - test_fresh_state in 0.000 seconds
2026-06-10 01:35:31,532 - twister - DEBUG - OUTPUT: ===================================================================
2026-06-10 01:35:31,533 - twister - DEBUG - OUTPUT: START - test_reinit_clears_state
2026-06-10 01:35:31,533 - twister - DEBUG - OUTPUT:  PASS - test_reinit_clears_state in 0.000 seconds
2026-06-10 01:35:31,534 - twister - DEBUG - OUTPUT: ===================================================================
2026-06-10 01:35:31,534 - twister - DEBUG - OUTPUT: START - test_fresh_state
2026-06-10 01:35:31,535 - twister - DEBUG - OUTPUT:  PASS - test_fresh_state in 0.000 seconds
2026-06-10 01:35:31,535 - twister - DEBUG - OUTPUT: ===================================================================
2026-06-10 01:35:31,536 - twister - DEBUG - OUTPUT: START - test_reinit_clears_state
2026-06-10 01:35:31,537 - twister - DEBUG - OUTPUT:  PASS - test_reinit_clears_state in 0.000 seconds
2026-06-10 01:35:31,537 - twister - DEBUG - OUTPUT: ===================================================================
2026-06-10 01:35:31,538 - twister - DEBUG - OUTPUT: START - test_reinit_clears_state
2026-06-10 01:35:31,538 - twister - DEBUG - OUTPUT:  PASS - test_reinit_clears_state in 0.000 seconds
2026-06-10 01:35:31,539 - twister - DEBUG - OUTPUT: ===================================================================
2026-06-10 01:35:31,540 - twister - DEBUG - OUTPUT: START - test_fresh_state
2026-06-10 01:35:31,540 - twister - DEBUG - OUTPUT:  PASS - test_fresh_state in 0.000 seconds
2026-06-10 01:35:31,541 - twister - DEBUG - OUTPUT: ===================================================================
2026-06-10 01:35:31,541 - twister - DEBUG - OUTPUT: TESTSUITE ring_buf_init succeeded
2026-06-10 01:35:31,542 - twister - DEBUG - OUTPUT: Running TESTSUITE ring_buf_push_pop
2026-06-10 01:35:31,543 - twister - DEBUG - OUTPUT: ===================================================================
2026-06-10 01:35:31,544 - twister - DEBUG - OUTPUT: START - test_push_full_returns_enospc
2026-06-10 01:35:31,545 - twister - DEBUG - OUTPUT: [00:00:00.000,000] [1;33m<wrn> ring_buf: buffer full (capacity=4)[0m
2026-06-10 01:35:31,545 - twister - DEBUG - OUTPUT:  PASS - test_push_full_returns_enospc in 0.000 seconds
2026-06-10 01:35:31,546 - twister - DEBUG - OUTPUT: ===================================================================
2026-06-10 01:35:31,546 - twister - DEBUG - OUTPUT: START - test_single_push_pop
2026-06-10 01:35:31,547 - twister - DEBUG - OUTPUT:  PASS - test_single_push_pop in 0.000 seconds
2026-06-10 01:35:31,547 - twister - DEBUG - OUTPUT: ===================================================================
2026-06-10 01:35:31,548 - twister - DEBUG - OUTPUT: START - test_fifo_order
2026-06-10 01:35:31,548 - twister - DEBUG - OUTPUT:  PASS - test_fifo_order in 0.000 seconds
2026-06-10 01:35:31,549 - twister - DEBUG - OUTPUT: ===================================================================
2026-06-10 01:35:31,549 - twister - DEBUG - OUTPUT: START - test_push_full_returns_enospc
2026-06-10 01:35:31,550 - twister - DEBUG - OUTPUT: [00:00:00.000,000] [1;33m<wrn> ring_buf: buffer full (capacity=4)[0m
2026-06-10 01:35:31,550 - twister - DEBUG - OUTPUT:  PASS - test_push_full_returns_enospc in 0.000 seconds
2026-06-10 01:35:31,551 - twister - DEBUG - OUTPUT: ===================================================================
2026-06-10 01:35:31,551 - twister - DEBUG - OUTPUT: START - test_fifo_order
2026-06-10 01:35:31,552 - twister - DEBUG - OUTPUT:  PASS - test_fifo_order in 0.000 seconds
2026-06-10 01:35:31,552 - twister - DEBUG - OUTPUT: ===================================================================
2026-06-10 01:35:31,553 - twister - DEBUG - OUTPUT: START - test_single_push_pop
2026-06-10 01:35:31,554 - twister - DEBUG - OUTPUT:  PASS - test_single_push_pop in 0.000 seconds
2026-06-10 01:35:31,554 - twister - DEBUG - OUTPUT: ===================================================================
2026-06-10 01:35:31,555 - twister - DEBUG - OUTPUT: START - test_single_push_pop
2026-06-10 01:35:31,555 - twister - DEBUG - OUTPUT:  PASS - test_single_push_pop in 0.000 seconds
2026-06-10 01:35:31,555 - twister - DEBUG - OUTPUT: ===================================================================
2026-06-10 01:35:31,556 - twister - DEBUG - OUTPUT: START - test_push_full_returns_enospc
2026-06-10 01:35:31,556 - twister - DEBUG - OUTPUT: [00:00:00.000,000] [1;33m<wrn> ring_buf: buffer full (capacity=4)[0m
2026-06-10 01:35:31,557 - twister - DEBUG - OUTPUT:  PASS - test_push_full_returns_enospc in 0.000 seconds
2026-06-10 01:35:31,557 - twister - DEBUG - OUTPUT: ===================================================================
2026-06-10 01:35:31,558 - twister - DEBUG - OUTPUT: START - test_fifo_order
2026-06-10 01:35:31,558 - twister - DEBUG - OUTPUT:  PASS - test_fifo_order in 0.000 seconds
2026-06-10 01:35:31,559 - twister - DEBUG - OUTPUT: ===================================================================
2026-06-10 01:35:31,559 - twister - DEBUG - OUTPUT: TESTSUITE ring_buf_push_pop succeeded
2026-06-10 01:35:31,560 - twister - DEBUG - OUTPUT: Running TESTSUITE ring_buf_push_pop
2026-06-10 01:35:31,561 - twister - DEBUG - OUTPUT: ===================================================================
2026-06-10 01:35:31,561 - twister - DEBUG - OUTPUT: START - test_push_full_returns_enospc
2026-06-10 01:35:31,562 - twister - DEBUG - OUTPUT: [00:00:00.000,000] [1;33m<wrn> ring_buf: buffer full (capacity=4)[0m
2026-06-10 01:35:31,562 - twister - DEBUG - OUTPUT:  PASS - test_push_full_returns_enospc in 0.000 seconds
2026-06-10 01:35:31,563 - twister - DEBUG - OUTPUT: ===================================================================
2026-06-10 01:35:31,563 - twister - DEBUG - OUTPUT: START - test_single_push_pop
2026-06-10 01:35:31,564 - twister - DEBUG - OUTPUT:  PASS - test_single_push_pop in 0.000 seconds
2026-06-10 01:35:31,564 - twister - DEBUG - OUTPUT: ===================================================================
2026-06-10 01:35:31,565 - twister - DEBUG - OUTPUT: START - test_fifo_order
2026-06-10 01:35:31,566 - twister - DEBUG - OUTPUT:  PASS - test_fifo_order in 0.000 seconds
2026-06-10 01:35:31,566 - twister - DEBUG - OUTPUT: ===================================================================
2026-06-10 01:35:31,567 - twister - DEBUG - OUTPUT: START - test_fifo_order
2026-06-10 01:35:31,567 - twister - DEBUG - OUTPUT:  PASS - test_fifo_order in 0.000 seconds
2026-06-10 01:35:31,568 - twister - DEBUG - OUTPUT: ===================================================================
2026-06-10 01:35:31,568 - twister - DEBUG - OUTPUT: START - test_push_full_returns_enospc
2026-06-10 01:35:31,569 - twister - DEBUG - OUTPUT: [00:00:00.000,000] [1;33m<wrn> ring_buf: buffer full (capacity=4)[0m
2026-06-10 01:35:31,569 - twister - DEBUG - OUTPUT:  PASS - test_push_full_returns_enospc in 0.000 seconds
2026-06-10 01:35:31,570 - twister - DEBUG - OUTPUT: ===================================================================
2026-06-10 01:35:31,570 - twister - DEBUG - OUTPUT: START - test_single_push_pop
2026-06-10 01:35:31,571 - twister - DEBUG - OUTPUT:  PASS - test_single_push_pop in 0.000 seconds
2026-06-10 01:35:31,571 - twister - DEBUG - OUTPUT: ===================================================================
2026-06-10 01:35:31,572 - twister - DEBUG - OUTPUT: START - test_fifo_order
2026-06-10 01:35:31,572 - twister - DEBUG - OUTPUT:  PASS - test_fifo_order in 0.000 seconds
2026-06-10 01:35:31,573 - twister - DEBUG - OUTPUT: ===================================================================
2026-06-10 01:35:31,573 - twister - DEBUG - OUTPUT: START - test_push_full_returns_enospc
2026-06-10 01:35:31,574 - twister - DEBUG - OUTPUT: [00:00:00.000,000] [1;33m<wrn> ring_buf: buffer full (capacity=4)[0m
2026-06-10 01:35:31,574 - twister - DEBUG - OUTPUT:  PASS - test_push_full_returns_enospc in 0.000 seconds
2026-06-10 01:35:31,575 - twister - DEBUG - OUTPUT: ===================================================================
2026-06-10 01:35:31,575 - twister - DEBUG - OUTPUT: START - test_single_push_pop
2026-06-10 01:35:31,576 - twister - DEBUG - OUTPUT:  PASS - test_single_push_pop in 0.000 seconds
2026-06-10 01:35:31,576 - twister - DEBUG - OUTPUT: ===================================================================
2026-06-10 01:35:31,577 - twister - DEBUG - OUTPUT: TESTSUITE ring_buf_push_pop succeeded
2026-06-10 01:35:31,577 - twister - DEBUG - OUTPUT: Running TESTSUITE ring_buf_push_pop
2026-06-10 01:35:31,578 - twister - DEBUG - OUTPUT: ===================================================================
2026-06-10 01:35:31,578 - twister - DEBUG - OUTPUT: START - test_single_push_pop
2026-06-10 01:35:31,579 - twister - DEBUG - OUTPUT:  PASS - test_single_push_pop in 0.000 seconds
2026-06-10 01:35:31,580 - twister - DEBUG - OUTPUT: ===================================================================
2026-06-10 01:35:31,580 - twister - DEBUG - OUTPUT: START - test_fifo_order
2026-06-10 01:35:31,581 - twister - DEBUG - OUTPUT:  PASS - test_fifo_order in 0.000 seconds
2026-06-10 01:35:31,581 - twister - DEBUG - OUTPUT: ===================================================================
2026-06-10 01:35:31,582 - twister - DEBUG - OUTPUT: START - test_push_full_returns_enospc
2026-06-10 01:35:31,582 - twister - DEBUG - OUTPUT: [00:00:00.000,000] [1;33m<wrn> ring_buf: buffer full (capacity=4)[0m
2026-06-10 01:35:31,583 - twister - DEBUG - OUTPUT:  PASS - test_push_full_returns_enospc in 0.000 seconds
2026-06-10 01:35:31,583 - twister - DEBUG - OUTPUT: ===================================================================
2026-06-10 01:35:31,584 - twister - DEBUG - OUTPUT: START - test_single_push_pop
2026-06-10 01:35:31,584 - twister - DEBUG - OUTPUT:  PASS - test_single_push_pop in 0.000 seconds
2026-06-10 01:35:31,585 - twister - DEBUG - OUTPUT: ===================================================================
2026-06-10 01:35:31,585 - twister - DEBUG - OUTPUT: START - test_push_full_returns_enospc
2026-06-10 01:35:31,586 - twister - DEBUG - OUTPUT: [00:00:00.000,000] [1;33m<wrn> ring_buf: buffer full (capacity=4)[0m
2026-06-10 01:35:31,586 - twister - DEBUG - OUTPUT:  PASS - test_push_full_returns_enospc in 0.000 seconds
2026-06-10 01:35:31,587 - twister - DEBUG - OUTPUT: ===================================================================
2026-06-10 01:35:31,587 - twister - DEBUG - OUTPUT: START - test_fifo_order
2026-06-10 01:35:31,588 - twister - DEBUG - OUTPUT:  PASS - test_fifo_order in 0.000 seconds
2026-06-10 01:35:31,588 - twister - DEBUG - OUTPUT: ===================================================================
2026-06-10 01:35:31,589 - twister - DEBUG - OUTPUT: START - test_single_push_pop
2026-06-10 01:35:31,589 - twister - DEBUG - OUTPUT:  PASS - test_single_push_pop in 0.000 seconds
2026-06-10 01:35:31,590 - twister - DEBUG - OUTPUT: ===================================================================
2026-06-10 01:35:31,590 - twister - DEBUG - OUTPUT: START - test_push_full_returns_enospc
2026-06-10 01:35:31,591 - twister - DEBUG - OUTPUT: [00:00:00.000,000] [1;33m<wrn> ring_buf: buffer full (capacity=4)[0m
2026-06-10 01:35:31,592 - twister - DEBUG - OUTPUT:  PASS - test_push_full_returns_enospc in 0.000 seconds
2026-06-10 01:35:31,592 - twister - DEBUG - OUTPUT: ===================================================================
2026-06-10 01:35:31,593 - twister - DEBUG - OUTPUT: START - test_fifo_order
2026-06-10 01:35:31,593 - twister - DEBUG - OUTPUT:  PASS - test_fifo_order in 0.000 seconds
2026-06-10 01:35:31,594 - twister - DEBUG - OUTPUT: ===================================================================
2026-06-10 01:35:31,594 - twister - DEBUG - OUTPUT: TESTSUITE ring_buf_push_pop succeeded
2026-06-10 01:35:31,595 - twister - DEBUG - OUTPUT: 
2026-06-10 01:35:31,595 - twister - DEBUG - OUTPUT: ------ TESTSUITE SUMMARY START ------
2026-06-10 01:35:31,596 - twister - DEBUG - OUTPUT: 
2026-06-10 01:35:31,596 - twister - DEBUG - OUTPUT: SUITE PASS - 100.00% [ring_buf_boundaries]: pass = 3, fail = 0, skip = 0, total = 3 duration = 0.000 seconds
2026-06-10 01:35:31,597 - twister - DEBUG - OUTPUT:  - PASS - [ring_buf_boundaries.test_is_full_after_fill] duration = 0.000 seconds
2026-06-10 01:35:31,597 - twister - DEBUG - OUTPUT:  - PASS - [ring_buf_boundaries.test_peek_does_not_consume] duration = 0.000 seconds
2026-06-10 01:35:31,598 - twister - DEBUG - OUTPUT:  - PASS - [ring_buf_boundaries.test_pop_null_returns_einval] duration = 0.000 seconds
2026-06-10 01:35:31,598 - twister - DEBUG - OUTPUT: 
2026-06-10 01:35:31,599 - twister - DEBUG - OUTPUT: SUITE PASS - 100.00% [ring_buf_init]: pass = 2, fail = 0, skip = 0, total = 2 duration = 0.000 seconds
2026-06-10 01:35:31,599 - twister - DEBUG - OUTPUT:  - PASS - [ring_buf_init.test_fresh_state] duration = 0.000 seconds
2026-06-10 01:35:31,600 - twister - DEBUG - OUTPUT:  - PASS - [ring_buf_init.test_reinit_clears_state] duration = 0.000 seconds
2026-06-10 01:35:31,600 - twister - DEBUG - OUTPUT: 
2026-06-10 01:35:31,601 - twister - DEBUG - OUTPUT: SUITE PASS - 100.00% [ring_buf_push_pop]: pass = 3, fail = 0, skip = 0, total = 3 duration = 0.000 seconds
2026-06-10 01:35:31,601 - twister - DEBUG - OUTPUT:  - PASS - [ring_buf_push_pop.test_fifo_order] duration = 0.000 seconds
2026-06-10 01:35:31,602 - twister - DEBUG - OUTPUT:  - PASS - [ring_buf_push_pop.test_push_full_returns_enospc] duration = 0.000 seconds
2026-06-10 01:35:31,602 - twister - DEBUG - OUTPUT:  - PASS - [ring_buf_push_pop.test_single_push_pop] duration = 0.000 seconds
2026-06-10 01:35:31,603 - twister - DEBUG - OUTPUT: 
2026-06-10 01:35:31,603 - twister - DEBUG - OUTPUT: ------ TESTSUITE SUMMARY END ------
2026-06-10 01:35:31,604 - twister - DEBUG - OUTPUT: 
2026-06-10 01:35:31,604 - twister - DEBUG - OUTPUT: ===================================================================
2026-06-10 01:35:31,605 - twister - DEBUG - OUTPUT: RunID: e4dc05072a4539eb907edc27e970fd8a
2026-06-10 01:35:31,605 - twister - DEBUG - OUTPUT: PROJECT EXECUTION SUCCESSFUL
2026-06-10 01:35:31,614 - twister - DEBUG - Expected suite names:['ring_buf_init', 'ring_buf_push_pop', 'ring_buf_boundaries']
2026-06-10 01:35:31,614 - twister - DEBUG - Detected suite names:['ring_buf_boundaries', 'ring_buf_init', 'ring_buf_push_pop']
2026-06-10 01:35:31,614 - twister - DEBUG - run status: native_sim/native/host/gnu/homework.unit.ring_buf passed
2026-06-10 01:35:31,632 - twister - INFO - 1 test scenarios (1 configurations) selected, 0 configurations filtered (0 by static filter, 0 at runtime).
2026-06-10 01:35:31,644 - twister - INFO - [32m1 of 1[39m executed test configurations passed (100.00%), 0 built (not run), 0 failed, 0 errored, with no warnings in 32.77 seconds.
2026-06-10 01:35:31,644 - twister - INFO - 8 of 8 executed test cases passed (100.00%) on 1 out of total 1473 platforms (0.07%).
2026-06-10 01:35:31,644 - twister - INFO - [32m1[39m test configurations executed on platforms, [36m0[39m test configurations were only built.
2026-06-10 01:35:31,644 - twister - INFO - Saving reports...
2026-06-10 01:35:31,644 - twister - INFO - Writing JSON report /home/ahmed/zephyr-workspace/zephyr-course/twister-out/twister.json
2026-06-10 01:35:31,645 - twister - INFO - Writing xunit report /home/ahmed/zephyr-workspace/zephyr-course/twister-out/twister.xml...
2026-06-10 01:35:31,646 - twister - INFO - Writing xunit report /home/ahmed/zephyr-workspace/zephyr-course/twister-out/twister_report.xml...
2026-06-10 01:35:31,647 - twister - INFO - Run completed
